<html>
<body>
<pre>
<h1>µVision Build Log</h1>
<h2>Tool Versions:</h2>
IDE-Version: ¦ÌVision V5.36.0.0
Copyright (C) 2021 ARM Ltd and ARM Germany GmbH. All rights reserved.
License Information: A A, A, LIC=3UURY-IJEMM-9ZMWW-Q93GX-9QM6R-U50XA
 
Tool Versions:
Toolchain:       MDK-ARM Professional  Version: 5.36.0.0
Toolchain Path:  D:\keil_v5\ARM\ARMCC\Bin
C Compiler:      Armcc.exe V5.06 update 7 (build 960)
Assembler:       Armasm.exe V5.06 update 7 (build 960)
Linker/Locator:  ArmLink.exe V5.06 update 7 (build 960)
Library Manager: ArmAr.exe V5.06 update 7 (build 960)
Hex Converter:   FromElf.exe V5.06 update 7 (build 960)
CPU DLL:         SARMCM3.DLL V5.36.0.0
Dialog DLL:      DCM.DLL V1.17.3.0
Target DLL:      STLink\ST-LINKIII-KEIL_SWO.dll V3.0.9.0
Dialog DLL:      TCM.DLL V1.53.0.0
 
<h2>Project:</h2>
D:\hal_project\stm32f407\TemperatureControl_f407\MDK-ARM\TemperatureControl_f407.uvprojx
Project File Date:  07/09/2024

<h2>Output:</h2>
*** Using Compiler 'V5.06 update 7 (build 960)', folder: 'D:\keil_v5\ARM\ARMCC\Bin'
Rebuild target 'TemperatureControl_f407'
assembling startup_stm32f407xx.s...
compiling gpio.c...
compiling stm32f4xx_ll_fsmc.c...
compiling tim.c...
compiling stm32f4xx_it.c...
compiling fsmc.c...
compiling dht11.c...
compiling usart.c...
compiling keyboard.c...
compiling stm32f4xx_hal_msp.c...
compiling main.c...
../Core/Src/main.c(65): warning:  #1035-D: single-precision operand implicitly converted to double-precision
  			    sum = ((sum*10.0)+key)/point;
../Core/Src/main.c(70): warning:  #167-D: argument of type "char *" is incompatible with parameter of type "uint8_t *"
  		    LCD_ShowString(5,120,310,24,24, buffer);
../Core/Src/main.c(159): warning:  #167-D: argument of type "char *" is incompatible with parameter of type "uint8_t *"
  	LCD_ShowString(5,40,310,24,24, buffer);
../Core/Src/main.c(172): warning:  #167-D: argument of type "char *" is incompatible with parameter of type "uint8_t *"
  	LCD_ShowString(30,120,210,24,24, buffer);
../Core/Src/main.c: 4 warnings, 0 errors
compiling stm32f4xx_hal_rcc_ex.c...
compiling stm32f4xx_hal_rcc.c...
compiling ILI93xx.c...
compiling stm32f4xx_hal_flash_ramfunc.c...
compiling stm32f4xx_hal_cortex.c...
compiling stm32f4xx_hal.c...
compiling stm32f4xx_hal_flash.c...
compiling stm32f4xx_hal_pwr.c...
compiling stm32f4xx_hal_exti.c...
compiling stm32f4xx_hal_dma.c...
compiling stm32f4xx_hal_pwr_ex.c...
compiling stm32f4xx_hal_gpio.c...
compiling stm32f4xx_hal_flash_ex.c...
compiling stm32f4xx_hal_sram.c...
compiling stm32f4xx_hal_dma_ex.c...
compiling stm32f4xx_hal_tim.c...
compiling system_stm32f4xx.c...
compiling stm32f4xx_hal_tim_ex.c...
compiling stm32f4xx_hal_uart.c...
linking...
Program Size: Code=23668 RO-data=6596 RW-data=44 ZI-data=1364  
FromELF: creating hex file...
"TemperatureControl_f407\TemperatureControl_f407.axf" - 0 Error(s), 4 Warning(s).

<h2>Software Packages used:</h2>

Package Vendor: ARM
                http://www.keil.com/pack/ARM.CMSIS.5.8.0.pack
                ARM.CMSIS.5.8.0
                CMSIS (Common Microcontroller Software Interface Standard)
   * Component: CORE Version: 5.5.0

Package Vendor: Keil
                http://www.keil.com/pack/Keil.STM32F4xx_DFP.2.15.0.pack
                Keil.STM32F4xx_DFP.2.15.0
                STMicroelectronics STM32F4 Series Device Support, Drivers and Examples

<h2>Collection of Component include folders:</h2>
  .\RTE\_TemperatureControl_f407
  D:\keil_pack\ARM\CMSIS\5.8.0\CMSIS\Core\Include
  D:\keil_pack\Keil\STM32F4xx_DFP\2.15.0\Drivers\CMSIS\Device\ST\STM32F4xx\Include

<h2>Collection of Component Files used:</h2>

   * Component: ARM::CMSIS:CORE:5.5.0
      Include file:  CMSIS\Core\Include\tz_context.h
Build Time Elapsed:  00:00:13
</pre>
</body>
</html>
