<html>
<body>
<pre>
<h1>礦ision Build Log</h1>
<h2>Tool Versions:</h2>
IDE-Version: μVision V5.40.0.0
Copyright (C) 2024 ARM Ltd and ARM Germany GmbH. All rights reserved.
License Information: Z yy, NNN, LIC=MGXG8-37FMV-TLBCD-8PL6F-IAFNM-8WD96
 
Tool Versions:
Toolchain:       MDK-ARM Professional  Version: 5.40.0.3
Toolchain Path:  D:\keil_v5\keil_v5\ARM\ARMCLANG\Bin
C Compiler:      ArmClang.exe V6.22
Assembler:       Armasm.exe V6.22
Linker/Locator:  ArmLink.exe V6.22
Library Manager: ArmAr.exe V6.22
Hex Converter:   FromElf.exe V6.22
CPU DLL:         SARMCM3.DLL V5.40.0.3
Dialog DLL:      DCM.DLL V1.17.5.0
Target DLL:      STLink\ST-LINKIII-KEIL_SWO.dll V3.3.0.0
Dialog DLL:      TCM.DLL V1.56.4.0
 
<h2>Project:</h2>
D:\hal_project\stm32f407\LCD\MDK-ARM\LCD.uvprojx
Project File Date:  07/30/2024

<h2>Output:</h2>
*** Using Compiler 'V6.22', folder: 'D:\keil_v5\keil_v5\ARM\ARMCLANG\Bin'
Rebuild target 'LCD'
assembling startup_stm32f407xx.s...
compiling stm32f4xx_hal_msp.c...
compiling gpio.c...
compiling usart.c...
compiling fsmc.c...
compiling stm32f4xx_it.c...
../Core/Src/main.c(100): warning: passing 'char[17]' to parameter of type 'uint8_t *' (aka 'unsigned char *') converts between pointers to integer types where one is of the unique plain 'char' type and the other is not [-Wpointer-sign]
  100 |   LCD_ShowString(30,40,210,24,24,"What a nice day!");   
      |                                  ^~~~~~~~~~~~~~~~~~
../Core/Inc\ILI93xx.h(100): note: passing argument to parameter 'p' here
  100 | void LCD_ShowString(uint16_t x,uint16_t y,uint16_t width,uint16_t height,uint8_t size,uint8_t *p);              //<CF><D4>示一<B8><F6><D7>址<FB><B4><AE>,12/16<D7><D6><CC><E5>
      |                                                                                                ^
../Core/Src/main.c(101): warning: passing 'char[12]' to parameter of type 'uint8_t *' (aka 'unsigned char *') converts between pointers to integer types where one is of the unique plain 'char' type and the other is not [-Wpointer-sign]
  101 |   LCD_ShowString(30,70,200,16,16,"TFTLCD TEST");
      |                                  ^~~~~~~~~~~~~
../Core/Inc\ILI93xx.h(100): note: passing argument to parameter 'p' here
  100 | void LCD_ShowString(uint16_t x,uint16_t y,uint16_t width,uint16_t height,uint8_t size,uint8_t *p);              //<CF><D4>示一<B8><F6><D7>址<FB><B4><AE>,12/16<D7><D6><CC><E5>
      |                                                                                                ^
../Core/Src/main.c(102): warning: passing 'char[10]' to parameter of type 'uint8_t *' (aka 'unsigned char *') converts between pointers to integer types where one is of the unique plain 'char' type and the other is not [-Wpointer-sign]
  102 |   LCD_ShowString(30,90,200,16,16,"2020/7/29");
      |                                  ^~~~~~~~~~~
../Core/Inc\ILI93xx.h(100): note: passing argument to parameter 'p' here
  100 | void LCD_ShowString(uint16_t x,uint16_t y,uint16_t width,uint16_t height,uint8_t size,uint8_t *p);              //<CF><D4>示一<B8><F6><D7>址<FB><B4><AE>,12/16<D7><D6><CC><E5>
      |                                                                                                ^
3 warnings generated.
compiling main.c...
compiling stm32f4xx_hal_rcc_ex.c...
compiling stm32f4xx_ll_fsmc.c...
compiling stm32f4xx_hal_flash.c...
compiling stm32f4xx_hal_flash_ex.c...
compiling stm32f4xx_hal_flash_ramfunc.c...
compiling stm32f4xx_hal_rcc.c...
compiling stm32f4xx_hal_gpio.c...
compiling stm32f4xx_hal_pwr_ex.c...
compiling stm32f4xx_hal_dma_ex.c...
compiling stm32f4xx_hal_pwr.c...
compiling stm32f4xx_hal_dma.c...
compiling stm32f4xx_hal_tim_ex.c...
compiling stm32f4xx_hal_tim.c...
compiling stm32f4xx_hal_cortex.c...
compiling system_stm32f4xx.c...
compiling stm32f4xx_hal_exti.c...
compiling stm32f4xx_hal.c...
compiling stm32f4xx_hal_sram.c...
compiling stm32f4xx_hal_uart.c...
compiling ILI93xx.c...
linking...
Program Size: Code=28634 RO-data=6542 RW-data=20 ZI-data=1812  
FromELF: creating hex file...
"LCD\LCD.axf" - 0 Error(s), 3 Warning(s).

<h2>Software Packages used:</h2>

Package Vendor: ARM
                https://www.keil.com/pack/ARM.CMSIS.6.1.0.pack
                ARM::CMSIS@6.1.0
                CMSIS (Common Microcontroller Software Interface Standard)
   * Component: CORE Version: 6.1.0

Package Vendor: Keil
                http://www.keil.com/pack/Keil.STM32F4xx_DFP.2.15.0.pack
                Keil::STM32F4xx_DFP@2.15.0
                STMicroelectronics STM32F4 Series Device Support, Drivers and Examples

<h2>Collection of Component include folders:</h2>
  ./RTE/_LCD
  D:/keil_v5/keil_pack/ARM/CMSIS/6.1.0/CMSIS/Core/Include
  D:/keil_v5/keil_pack/Keil/STM32F4xx_DFP/2.15.0/Drivers/CMSIS/Device/ST/STM32F4xx/Include

<h2>Collection of Component Files used:</h2>

   * Component: ARM::CMSIS:CORE@6.1.0
      Include file:  CMSIS/Core/Include/tz_context.h
Build Time Elapsed:  00:00:02
</pre>
</body>
</html>
